Reusing configuration cache.
> Task :app:preBuild UP-TO-DATE
> Task :app:generateDebugAssets UP-TO-DATE
> Task :app:preDebugBuild UP-TO-DATE
> Task :app:generateDebugBuildConfig UP-TO-DATE
> Task :app:generateDebugResources UP-TO-DATE
> Task :app:processDebugGoogleServices UP-TO-DATE
> Task :app:packageDebugResources UP-TO-DATE
> Task :app:javaPreCompileDebug UP-TO-DATE
> Task :app:mapDebugSourceSetPaths UP-TO-DATE
> Task :app:kspDebugKotlin FROM-CACHE
> Task :app:createDebugCompatibleScreenManifests UP-TO-DATE
> Task :app:extractDeepLinksDebug UP-TO-DATE
> Task :app:checkDebugAarMetadata UP-TO-DATE
> Task :app:preDebugUnitTestBuild UP-TO-DATE
> Task :app:javaPreCompileDebugUnitTest UP-TO-DATE
> Task :app:mergeDebugResources UP-TO-DATE
> Task :app:processDebugNavigationResources UP-TO-DATE
> Task :app:parseDebugLocalResources UP-TO-DATE
> Task :app:generateDebugRFile UP-TO-DATE
> Task :app:compileDebugNavigationResources UP-TO-DATE
> Task :app:mergeDebugAssets UP-TO-DATE
> Task :app:processDebugMainManifest UP-TO-DATE
> Task :app:processDebugManifest UP-TO-DATE
> Task :app:processDebugManifestForPackage UP-TO-DATE
> Task :app:processDebugUnitTestManifest UP-TO-DATE
> Task :app:processDebugResources UP-TO-DATE
> Task :app:packageDebugUnitTestForUnitTest UP-TO-DATE
> Task :app:generateDebugUnitTestConfig UP-TO-DATE
> Task :app:compileDebugKotlin
w: file:///app/applet/app/src/main/java/com/example/platform/android/ScreenCaptureService.kt:147:52 Condition is always 'true'.
w: file:///app/applet/app/src/main/java/com/example/platform/android/ScreenCaptureService.kt:158:39 Condition is always 'true'.
w: file:///app/applet/app/src/main/java/com/example/ui/LiveAnalyzerScreen.kt:245:45 'val outlinedButtonBorder: BorderStroke' is deprecated. Please use the version that takes an `enabled` param to get the `BorderStroke` with the correct opacity.
w: file:///app/applet/app/src/main/java/com/example/ui/components/BroadcastSceneStudioCard.kt:373:58 'val Icons.Filled.VolumeOff: ImageVector' is deprecated. Use the AutoMirrored version at Icons.AutoMirrored.Filled.VolumeOff.
w: file:///app/applet/app/src/main/java/com/example/ui/components/BroadcastSceneStudioCard.kt:373:87 'val Icons.Filled.VolumeUp: ImageVector' is deprecated. Use the AutoMirrored version at Icons.AutoMirrored.Filled.VolumeUp.
w: file:///app/applet/app/src/main/java/com/example/ui/components/EsportsStandingTable.kt:210:53 'fun Modifier.animateItemPlacement(animationSpec: FiniteAnimationSpec<IntOffset> = ...): Modifier' is deprecated. Use Modifier.animateItem() instead.

> Task :app:processDebugJavaRes UP-TO-DATE
> Task :app:compileDebugJavaWithJavac FAILED

[Incubating] Problems report is available at: file:///app/applet/build/reports/problems/problems-report.html

FAILURE: Build failed with an exception.

* What went wrong:
A problem was found with the configuration of task ':app:compileDebugJavaWithJavac' (type 'JavaCompile').
  - Type 'org.gradle.api.tasks.compile.JavaCompile' property 'options.compilerArgumentProviders.$2.annotationProcessorListFile' specifies file '/app/applet/app/build/intermediates/annotation_processor_list/debug/javaPreCompileDebug/annotationProcessors.json' which doesn't exist.
    
    Reason: An input file was expected to be present but it doesn't exist.
    
    Possible solutions:
      1. Make sure the file exists before the task is called.
      2. Make sure that the task which produces the file is declared as an input.
    
    For more information, please refer to https://docs.gradle.org/9.3.1/userguide/validation_problems.html#input_file_does_not_exist in the Gradle documentation.

* Try:
> Run with --scan to get full insights from a Build Scan (powered by Develocity).

BUILD FAILED in 4m 42s
27 actionable tasks: 2 executed, 1 from cache, 24 up-to-date
Configuration cache entry reused.
